<?xml version="1.0" encoding="ISO-8859-1" ?>
<link_info>
   <banner>TI ARM Linker Unix v20.2.5.LTS</banner>
   <copyright>Copyright (c) 1996-2018 Texas Instruments Incorporated</copyright>
   <link_time>0x61fb0d50</link_time>
   <link_errors>0x0</link_errors>
   <output_file>RTOS_sp22_lab1.out</output_file>
   <entry_point>
      <name>_c_int00_noargs</name>
      <address>0x4711</address>
   </entry_point>
   <input_file_list>
      <input_file id="fl-1">
         <path>./</path>
         <kind>object</kind>
         <file>Lab1.obj</file>
         <name>Lab1.obj</name>
      </input_file>
      <input_file id="fl-2">
         <path>./</path>
         <kind>object</kind>
         <file>tm4c123gh6pm_startup_ccs.obj</file>
         <name>tm4c123gh6pm_startup_ccs.obj</name>
      </input_file>
      <input_file id="fl-3">
         <path>./src/</path>
         <kind>object</kind>
         <file>ADC.obj</file>
         <name>ADC.obj</name>
      </input_file>
      <input_file id="fl-4">
         <path>./src/</path>
         <kind>object</kind>
         <file>ADCSWTrigger.obj</file>
         <name>ADCSWTrigger.obj</name>
      </input_file>
      <input_file id="fl-5">
         <path>./src/</path>
         <kind>object</kind>
         <file>ADCT0ATrigger.obj</file>
         <name>ADCT0ATrigger.obj</name>
      </input_file>
      <input_file id="fl-6">
         <path>./src/</path>
         <kind>object</kind>
         <file>CortexM.obj</file>
         <name>CortexM.obj</name>
      </input_file>
      <input_file id="fl-7">
         <path>./src/</path>
         <kind>object</kind>
         <file>IRDistance.obj</file>
         <name>IRDistance.obj</name>
      </input_file>
      <input_file id="fl-8">
         <path>./src/</path>
         <kind>object</kind>
         <file>Interpreter.obj</file>
         <name>Interpreter.obj</name>
      </input_file>
      <input_file id="fl-9">
         <path>./src/</path>
         <kind>object</kind>
         <file>LPF.obj</file>
         <name>LPF.obj</name>
      </input_file>
      <input_file id="fl-a">
         <path>./src/</path>
         <kind>object</kind>
         <file>LaunchPad.obj</file>
         <name>LaunchPad.obj</name>
      </input_file>
      <input_file id="fl-b">
         <path>./src/</path>
         <kind>object</kind>
         <file>OS.obj</file>
         <name>OS.obj</name>
      </input_file>
      <input_file id="fl-c">
         <path>./src/</path>
         <kind>object</kind>
         <file>PLL.obj</file>
         <name>PLL.obj</name>
      </input_file>
      <input_file id="fl-d">
         <path>./src/</path>
         <kind>object</kind>
         <file>ST7735.obj</file>
         <name>ST7735.obj</name>
      </input_file>
      <input_file id="fl-e">
         <path>./src/</path>
         <kind>object</kind>
         <file>Timer4A.obj</file>
         <name>Timer4A.obj</name>
      </input_file>
      <input_file id="fl-f">
         <path>./src/</path>
         <kind>object</kind>
         <file>UART0int.obj</file>
         <name>UART0int.obj</name>
      </input_file>
      <input_file id="fl-10">
         <path>./src/</path>
         <kind>object</kind>
         <file>Unified_Port_Init.obj</file>
         <name>Unified_Port_Init.obj</name>
      </input_file>
      <input_file id="fl-11">
         <path>./src/</path>
         <kind>object</kind>
         <file>WTimer0A.obj</file>
         <name>WTimer0A.obj</name>
      </input_file>
      <input_file id="fl-12">
         <path>./src/</path>
         <kind>object</kind>
         <file>eDisk.obj</file>
         <name>eDisk.obj</name>
      </input_file>
      <input_file id="fl-13">
         <path>./src/</path>
         <kind>object</kind>
         <file>eFile.obj</file>
         <name>eFile.obj</name>
      </input_file>
      <input_file id="fl-17">
         <kind>object</kind>
         <file>&lt;internal&gt;</file>
         <name>&lt;internal&gt;</name>
      </input_file>
      <input_file id="fl-cd">
         <path>/Applications/ti/ccs1100/ccs/tools/compiler/ti-cgt-arm_20.2.5.LTS/lib/</path>
         <kind>archive</kind>
         <file>rtsv7M4_T_le_v4SPD16_eabi.lib</file>
         <name>copy_zero_init.c.obj</name>
      </input_file>
      <input_file id="fl-ce">
         <path>/Applications/ti/ccs1100/ccs/tools/compiler/ti-cgt-arm_20.2.5.LTS/lib/</path>
         <kind>archive</kind>
         <file>rtsv7M4_T_le_v4SPD16_eabi.lib</file>
         <name>copy_decompress_none.c.obj</name>
      </input_file>
      <input_file id="fl-cf">
         <path>/Applications/ti/ccs1100/ccs/tools/compiler/ti-cgt-arm_20.2.5.LTS/lib/</path>
         <kind>archive</kind>
         <file>rtsv7M4_T_le_v4SPD16_eabi.lib</file>
         <name>copy_decompress_lzss.c.obj</name>
      </input_file>
      <input_file id="fl-d0">
         <path>/Applications/ti/ccs1100/ccs/tools/compiler/ti-cgt-arm_20.2.5.LTS/lib/</path>
         <kind>archive</kind>
         <file>rtsv7M4_T_le_v4SPD16_eabi.lib</file>
         <name>strcpy.c.obj</name>
      </input_file>
      <input_file id="fl-d1">
         <path>/Applications/ti/ccs1100/ccs/tools/compiler/ti-cgt-arm_20.2.5.LTS/lib/</path>
         <kind>archive</kind>
         <file>rtsv7M4_T_le_v4SPD16_eabi.lib</file>
         <name>boot_cortex_m.c.obj</name>
      </input_file>
      <input_file id="fl-d2">
         <path>/Applications/ti/ccs1100/ccs/tools/compiler/ti-cgt-arm_20.2.5.LTS/lib/</path>
         <kind>archive</kind>
         <file>rtsv7M4_T_le_v4SPD16_eabi.lib</file>
         <name>memcpy_t2.asm.obj</name>
      </input_file>
      <input_file id="fl-d3">
         <path>/Applications/ti/ccs1100/ccs/tools/compiler/ti-cgt-arm_20.2.5.LTS/lib/</path>
         <kind>archive</kind>
         <file>rtsv7M4_T_le_v4SPD16_eabi.lib</file>
         <name>memset_t2.asm.obj</name>
      </input_file>
      <input_file id="fl-d4">
         <path>/Applications/ti/ccs1100/ccs/tools/compiler/ti-cgt-arm_20.2.5.LTS/lib/</path>
         <kind>archive</kind>
         <file>rtsv7M4_T_le_v4SPD16_eabi.lib</file>
         <name>autoinit.c.obj</name>
      </input_file>
      <input_file id="fl-d5">
         <path>/Applications/ti/ccs1100/ccs/tools/compiler/ti-cgt-arm_20.2.5.LTS/lib/</path>
         <kind>archive</kind>
         <file>rtsv7M4_T_le_v4SPD16_eabi.lib</file>
         <name>pre_init.c.obj</name>
      </input_file>
      <input_file id="fl-d6">
         <path>/Applications/ti/ccs1100/ccs/tools/compiler/ti-cgt-arm_20.2.5.LTS/lib/</path>
         <kind>archive</kind>
         <file>rtsv7M4_T_le_v4SPD16_eabi.lib</file>
         <name>cpy_tbl.c.obj</name>
      </input_file>
      <input_file id="fl-d7">
         <path>/Applications/ti/ccs1100/ccs/tools/compiler/ti-cgt-arm_20.2.5.LTS/lib/</path>
         <kind>archive</kind>
         <file>rtsv7M4_T_le_v4SPD16_eabi.lib</file>
         <name>exit.c.obj</name>
      </input_file>
      <input_file id="fl-d8">
         <path>/Applications/ti/ccs1100/ccs/tools/compiler/ti-cgt-arm_20.2.5.LTS/lib/</path>
         <kind>archive</kind>
         <file>rtsv7M4_T_le_v4SPD16_eabi.lib</file>
         <name>_lock.c.obj</name>
      </input_file>
      <input_file id="fl-d9">
         <path>/Applications/ti/ccs1100/ccs/tools/compiler/ti-cgt-arm_20.2.5.LTS/lib/</path>
         <kind>archive</kind>
         <file>rtsv7M4_T_le_v4SPD16_eabi.lib</file>
         <name>args_main.c.obj</name>
      </input_file>
   </input_file_list>
   <object_component_list>
      <object_component id="oc-12">
         <name>.intvecs</name>
         <load_address>0x0</load_address>
         <run_address>0x0</run_address>
         <size>0x26c</size>
         <input_file_ref idref="fl-2"/>
      </object_component>
      <object_component id="oc-149">
         <name>.text</name>
         <load_address>0x26c</load_address>
         <run_address>0x26c</run_address>
         <size>0x181c</size>
         <input_file_ref idref="fl-d"/>
      </object_component>
      <object_component id="oc-137">
         <name>.text</name>
         <load_address>0x1a88</load_address>
         <run_address>0x1a88</run_address>
         <size>0xc1c</size>
         <input_file_ref idref="fl-9"/>
      </object_component>
      <object_component id="oc-1ec">
         <name>.text</name>
         <load_address>0x26a4</load_address>
         <run_address>0x26a4</run_address>
         <size>0xad8</size>
         <input_file_ref idref="fl-12"/>
      </object_component>
      <object_component id="oc-33">
         <name>.text</name>
         <load_address>0x317c</load_address>
         <run_address>0x317c</run_address>
         <size>0x714</size>
         <input_file_ref idref="fl-f"/>
      </object_component>
      <object_component id="oc-39">
         <name>.text</name>
         <load_address>0x3890</load_address>
         <run_address>0x3890</run_address>
         <size>0x580</size>
         <input_file_ref idref="fl-5"/>
      </object_component>
      <object_component id="oc-2d">
         <name>.text</name>
         <load_address>0x3e10</load_address>
         <run_address>0x3e10</run_address>
         <size>0x19c</size>
         <input_file_ref idref="fl-b"/>
      </object_component>
      <object_component id="oc-14f">
         <name>.text</name>
         <load_address>0x3fac</load_address>
         <run_address>0x3fac</run_address>
         <size>0x118</size>
         <input_file_ref idref="fl-a"/>
      </object_component>
      <object_component id="oc-27">
         <name>.text</name>
         <load_address>0x40c4</load_address>
         <run_address>0x40c4</run_address>
         <size>0x112</size>
         <input_file_ref idref="fl-2"/>
      </object_component>
      <object_component id="oc-45">
         <name>.text</name>
         <load_address>0x41d8</load_address>
         <run_address>0x41d8</run_address>
         <size>0xc4</size>
         <input_file_ref idref="fl-11"/>
      </object_component>
      <object_component id="oc-3f">
         <name>.text</name>
         <load_address>0x429c</load_address>
         <run_address>0x429c</run_address>
         <size>0xb8</size>
         <input_file_ref idref="fl-e"/>
      </object_component>
      <object_component id="oc-e5">
         <name>.text</name>
         <load_address>0x4354</load_address>
         <run_address>0x4354</run_address>
         <size>0xa0</size>
         <input_file_ref idref="fl-1"/>
      </object_component>
      <object_component id="oc-59">
         <name>.text</name>
         <load_address>0x43f4</load_address>
         <run_address>0x43f4</run_address>
         <size>0x9c</size>
         <input_file_ref idref="fl-d2"/>
      </object_component>
      <object_component id="oc-143">
         <name>.text</name>
         <load_address>0x4490</load_address>
         <run_address>0x4490</run_address>
         <size>0x88</size>
         <input_file_ref idref="fl-c"/>
      </object_component>
      <object_component id="oc-8c">
         <name>.text</name>
         <load_address>0x4518</load_address>
         <run_address>0x4518</run_address>
         <size>0x80</size>
         <input_file_ref idref="fl-13"/>
      </object_component>
      <object_component id="oc-d9">
         <name>.text</name>
         <load_address>0x4598</load_address>
         <run_address>0x4598</run_address>
         <size>0x7a</size>
         <input_file_ref idref="fl-d3"/>
      </object_component>
      <object_component id="oc-15">
         <name>.text:decompress:lzss:__TI_decompress_lzss</name>
         <load_address>0x4612</load_address>
         <run_address>0x4612</run_address>
         <size>0x68</size>
         <input_file_ref idref="fl-cf"/>
      </object_component>
      <object_component id="oc-13d">
         <name>.text</name>
         <load_address>0x467c</load_address>
         <run_address>0x467c</run_address>
         <size>0x50</size>
         <input_file_ref idref="fl-7"/>
      </object_component>
      <object_component id="oc-16c">
         <name>.text:__TI_auto_init_nobinit_nopinit:__TI_auto_init_nobinit_nopinit</name>
         <load_address>0x46cc</load_address>
         <run_address>0x46cc</run_address>
         <size>0x44</size>
         <input_file_ref idref="fl-d4"/>
      </object_component>
      <object_component id="oc-77">
         <name>.text:_c_int00_noargs:_c_int00_noargs</name>
         <load_address>0x4710</load_address>
         <run_address>0x4710</run_address>
         <size>0x34</size>
         <input_file_ref idref="fl-d1"/>
      </object_component>
      <object_component id="oc-a9">
         <name>.text:strcpy</name>
         <load_address>0x4744</load_address>
         <run_address>0x4744</run_address>
         <size>0x14</size>
         <input_file_ref idref="fl-d0"/>
      </object_component>
      <object_component id="oc-131">
         <name>.text</name>
         <load_address>0x4758</load_address>
         <run_address>0x4758</run_address>
         <size>0x10</size>
         <input_file_ref idref="fl-3"/>
      </object_component>
      <object_component id="oc-155">
         <name>.text</name>
         <load_address>0x4768</load_address>
         <run_address>0x4768</run_address>
         <size>0x10</size>
         <input_file_ref idref="fl-8"/>
      </object_component>
      <object_component id="oc-1b">
         <name>.text:decompress:none:__TI_decompress_none</name>
         <load_address>0x4778</load_address>
         <run_address>0x4778</run_address>
         <size>0xe</size>
         <input_file_ref idref="fl-ce"/>
      </object_component>
      <object_component id="oc-6b">
         <name>.text:decompress:ZI:__TI_zero_init</name>
         <load_address>0x4786</load_address>
         <run_address>0x4786</run_address>
         <size>0xc</size>
         <input_file_ref idref="fl-cd"/>
      </object_component>
      <object_component id="oc-df">
         <name>.text:_system_pre_init</name>
         <load_address>0x4792</load_address>
         <run_address>0x4792</run_address>
         <size>0x4</size>
         <input_file_ref idref="fl-d5"/>
      </object_component>
      <object_component id="oc-160">
         <name>.text:abort:abort</name>
         <load_address>0x4796</load_address>
         <run_address>0x4796</run_address>
         <size>0x4</size>
         <input_file_ref idref="fl-d7"/>
      </object_component>
      <object_component id="oc-210">
         <name>.const:.string:Font</name>
         <load_address>0x479c</load_address>
         <run_address>0x479c</run_address>
         <size>0x4fb</size>
         <input_file_ref idref="fl-d"/>
      </object_component>
      <object_component id="oc-219">
         <name>.const:.string:dBfs</name>
         <load_address>0x4c97</load_address>
         <run_address>0x4c97</run_address>
         <size>0x200</size>
         <input_file_ref idref="fl-d"/>
      </object_component>
      <object_component id="oc-1f5">
         <name>.const:.string:Bcmd</name>
         <load_address>0x4e97</load_address>
         <run_address>0x4e97</run_address>
         <size>0x67</size>
         <input_file_ref idref="fl-d"/>
      </object_component>
      <object_component id="oc-20d">
         <name>.const:circle</name>
         <load_address>0x4efe</load_address>
         <run_address>0x4efe</run_address>
         <size>0x3c</size>
         <input_file_ref idref="fl-d"/>
      </object_component>
      <object_component id="oc-1fe">
         <name>.const:.string:Rcmd1</name>
         <load_address>0x4f3a</load_address>
         <run_address>0x4f3a</run_address>
         <size>0x3b</size>
         <input_file_ref idref="fl-d"/>
      </object_component>
      <object_component id="oc-207">
         <name>.const:.string:Rcmd3</name>
         <load_address>0x4f75</load_address>
         <run_address>0x4f75</run_address>
         <size>0x2b</size>
         <input_file_ref idref="fl-d"/>
      </object_component>
      <object_component id="oc-20a">
         <name>.const:smallCircle</name>
         <load_address>0x4fa0</load_address>
         <run_address>0x4fa0</run_address>
         <size>0x24</size>
         <input_file_ref idref="fl-d"/>
      </object_component>
      <object_component id="oc-1e4">
         <name>.const:A</name>
         <load_address>0x4fc4</load_address>
         <run_address>0x4fc4</run_address>
         <size>0x10</size>
         <input_file_ref idref="fl-7"/>
      </object_component>
      <object_component id="oc-1e7">
         <name>.const:B</name>
         <load_address>0x4fd4</load_address>
         <run_address>0x4fd4</run_address>
         <size>0x10</size>
         <input_file_ref idref="fl-7"/>
      </object_component>
      <object_component id="oc-1e1">
         <name>.const:C</name>
         <load_address>0x4fe4</load_address>
         <run_address>0x4fe4</run_address>
         <size>0x10</size>
         <input_file_ref idref="fl-7"/>
      </object_component>
      <object_component id="oc-1de">
         <name>.const:IRmax</name>
         <load_address>0x4ff4</load_address>
         <run_address>0x4ff4</run_address>
         <size>0x10</size>
         <input_file_ref idref="fl-7"/>
      </object_component>
      <object_component id="oc-201">
         <name>.const:.string:Rcmd2green</name>
         <load_address>0x5004</load_address>
         <run_address>0x5004</run_address>
         <size>0xd</size>
         <input_file_ref idref="fl-d"/>
      </object_component>
      <object_component id="oc-204">
         <name>.const:.string:Rcmd2red</name>
         <load_address>0x5011</load_address>
         <run_address>0x5011</run_address>
         <size>0xd</size>
         <input_file_ref idref="fl-d"/>
      </object_component>
      <object_component id="oc-2d7">
         <name>.cinit..data.load</name>
         <load_address>0x5020</load_address>
         <run_address>0x5020</run_address>
         <size>0x16</size>
      </object_component>
      <object_component id="oc-2d5">
         <name>__TI_handler_table</name>
         <load_address>0x5038</load_address>
         <run_address>0x5038</run_address>
         <size>0xc</size>
      </object_component>
      <object_component id="oc-2d8">
         <name>.cinit..bss.load</name>
         <load_address>0x5048</load_address>
         <run_address>0x5048</run_address>
         <size>0x8</size>
      </object_component>
      <object_component id="oc-2d6">
         <name>__TI_cinit_table</name>
         <load_address>0x5050</load_address>
         <run_address>0x5050</run_address>
         <size>0x10</size>
      </object_component>
      <object_component id="oc-1da">
         <name>.data</name>
         <load_address>0x20000d04</load_address>
         <run_address>0x20000d04</run_address>
         <size>0x4</size>
         <input_file_ref idref="fl-9"/>
      </object_component>
      <object_component id="oc-92">
         <name>.data</name>
         <load_address>0x20000d08</load_address>
         <run_address>0x20000d08</run_address>
         <size>0x4</size>
         <input_file_ref idref="fl-b"/>
      </object_component>
      <object_component id="oc-1f8">
         <name>.data</name>
         <load_address>0x20000cf0</load_address>
         <run_address>0x20000cf0</run_address>
         <size>0x14</size>
         <input_file_ref idref="fl-d"/>
      </object_component>
      <object_component id="oc-250">
         <name>.data</name>
         <load_address>0x20000d0c</load_address>
         <run_address>0x20000d0c</run_address>
         <size>0x1</size>
         <input_file_ref idref="fl-12"/>
      </object_component>
      <object_component id="oc-1db">
         <name>.bss:x$1</name>
         <uninitialized>true</uninitialized>
         <run_address>0x200009c0</run_address>
         <size>0x18</size>
         <input_file_ref idref="fl-9"/>
      </object_component>
      <object_component id="oc-1dc">
         <name>.bss:y$2</name>
         <uninitialized>true</uninitialized>
         <run_address>0x200009d8</run_address>
         <size>0x18</size>
         <input_file_ref idref="fl-9"/>
      </object_component>
      <object_component id="oc-1f2">
         <name>.bss</name>
         <uninitialized>true</uninitialized>
         <run_address>0x20000a05</run_address>
         <size>0x4</size>
         <input_file_ref idref="fl-d"/>
      </object_component>
      <object_component id="oc-a1">
         <name>.bss:RxFifo</name>
         <uninitialized>true</uninitialized>
         <run_address>0x20000000</run_address>
         <size>0x400</size>
         <input_file_ref idref="fl-f"/>
      </object_component>
      <object_component id="oc-a6">
         <name>.bss:TxFifo</name>
         <uninitialized>true</uninitialized>
         <run_address>0x20000400</run_address>
         <size>0x400</size>
         <input_file_ref idref="fl-f"/>
      </object_component>
      <object_component id="oc-24d">
         <name>.bss</name>
         <uninitialized>true</uninitialized>
         <run_address>0x200009fc</run_address>
         <size>0x9</size>
         <input_file_ref idref="fl-12"/>
      </object_component>
      <object_component id="oc-15b">
         <name>.common:ADCdata</name>
         <uninitialized>true</uninitialized>
         <run_address>0x20000a10</run_address>
         <size>0x4</size>
      </object_component>
      <object_component id="oc-15c">
         <name>.common:FilterOutput</name>
         <uninitialized>true</uninitialized>
         <run_address>0x20000a18</run_address>
         <size>0x4</size>
      </object_component>
      <object_component id="oc-15d">
         <name>.common:Distance</name>
         <uninitialized>true</uninitialized>
         <run_address>0x20000a14</run_address>
         <size>0x4</size>
      </object_component>
      <object_component id="oc-15e">
         <name>.common:FilterWork</name>
         <uninitialized>true</uninitialized>
         <run_address>0x20000a1c</run_address>
         <size>0x4</size>
      </object_component>
      <object_component id="oc-b0">
         <name>.common:ADCTask</name>
         <uninitialized>true</uninitialized>
         <run_address>0x20000a0c</run_address>
         <size>0x4</size>
      </object_component>
      <object_component id="oc-b3">
         <name>.common:PD3data</name>
         <uninitialized>true</uninitialized>
         <run_address>0x20000a60</run_address>
         <size>0x4</size>
      </object_component>
      <object_component id="oc-1ab">
         <name>.common:Size1</name>
         <uninitialized>true</uninitialized>
         <run_address>0x20000a70</run_address>
         <size>0x4</size>
      </object_component>
      <object_component id="oc-1b0">
         <name>.common:x1</name>
         <uninitialized>true</uninitialized>
         <run_address>0x20000800</run_address>
         <size>0x40</size>
      </object_component>
      <object_component id="oc-1ae">
         <name>.common:I1</name>
         <uninitialized>true</uninitialized>
         <run_address>0x20000a20</run_address>
         <size>0x4</size>
      </object_component>
      <object_component id="oc-1af">
         <name>.common:LPFSum1</name>
         <uninitialized>true</uninitialized>
         <run_address>0x20000a40</run_address>
         <size>0x4</size>
      </object_component>
      <object_component id="oc-1b1">
         <name>.common:sigma1</name>
         <uninitialized>true</uninitialized>
         <run_address>0x20000aa8</run_address>
         <size>0x4</size>
      </object_component>
      <object_component id="oc-1b2">
         <name>.common:snr1</name>
         <uninitialized>true</uninitialized>
         <run_address>0x20000ac4</run_address>
         <size>0x4</size>
      </object_component>
      <object_component id="oc-1b3">
         <name>.common:Size2</name>
         <uninitialized>true</uninitialized>
         <run_address>0x20000a74</run_address>
         <size>0x4</size>
      </object_component>
      <object_component id="oc-1b6">
         <name>.common:x2</name>
         <uninitialized>true</uninitialized>
         <run_address>0x20000840</run_address>
         <size>0x40</size>
      </object_component>
      <object_component id="oc-1b4">
         <name>.common:I2</name>
         <uninitialized>true</uninitialized>
         <run_address>0x20000a24</run_address>
         <size>0x4</size>
      </object_component>
      <object_component id="oc-1b5">
         <name>.common:LPFSum2</name>
         <uninitialized>true</uninitialized>
         <run_address>0x20000a44</run_address>
         <size>0x4</size>
      </object_component>
      <object_component id="oc-1b7">
         <name>.common:sigma2</name>
         <uninitialized>true</uninitialized>
         <run_address>0x20000aac</run_address>
         <size>0x4</size>
      </object_component>
      <object_component id="oc-1b8">
         <name>.common:snr2</name>
         <uninitialized>true</uninitialized>
         <run_address>0x20000ac8</run_address>
         <size>0x4</size>
      </object_component>
      <object_component id="oc-1b9">
         <name>.common:Size3</name>
         <uninitialized>true</uninitialized>
         <run_address>0x20000a78</run_address>
         <size>0x4</size>
      </object_component>
      <object_component id="oc-1bc">
         <name>.common:x3</name>
         <uninitialized>true</uninitialized>
         <run_address>0x20000880</run_address>
         <size>0x40</size>
      </object_component>
      <object_component id="oc-1ba">
         <name>.common:I3</name>
         <uninitialized>true</uninitialized>
         <run_address>0x20000a28</run_address>
         <size>0x4</size>
      </object_component>
      <object_component id="oc-1bb">
         <name>.common:LPFSum3</name>
         <uninitialized>true</uninitialized>
         <run_address>0x20000a48</run_address>
         <size>0x4</size>
      </object_component>
      <object_component id="oc-1bd">
         <name>.common:sigma3</name>
         <uninitialized>true</uninitialized>
         <run_address>0x20000ab0</run_address>
         <size>0x4</size>
      </object_component>
      <object_component id="oc-1be">
         <name>.common:snr3</name>
         <uninitialized>true</uninitialized>
         <run_address>0x20000acc</run_address>
         <size>0x4</size>
      </object_component>
      <object_component id="oc-1bf">
         <name>.common:Size4</name>
         <uninitialized>true</uninitialized>
         <run_address>0x20000a7c</run_address>
         <size>0x4</size>
      </object_component>
      <object_component id="oc-1c2">
         <name>.common:x4</name>
         <uninitialized>true</uninitialized>
         <run_address>0x200008c0</run_address>
         <size>0x40</size>
      </object_component>
      <object_component id="oc-1c0">
         <name>.common:I4</name>
         <uninitialized>true</uninitialized>
         <run_address>0x20000a2c</run_address>
         <size>0x4</size>
      </object_component>
      <object_component id="oc-1c1">
         <name>.common:LPFSum4</name>
         <uninitialized>true</uninitialized>
         <run_address>0x20000a4c</run_address>
         <size>0x4</size>
      </object_component>
      <object_component id="oc-1c3">
         <name>.common:sigma4</name>
         <uninitialized>true</uninitialized>
         <run_address>0x20000ab4</run_address>
         <size>0x4</size>
      </object_component>
      <object_component id="oc-1c4">
         <name>.common:snr4</name>
         <uninitialized>true</uninitialized>
         <run_address>0x20000ad0</run_address>
         <size>0x4</size>
      </object_component>
      <object_component id="oc-1c5">
         <name>.common:Size5</name>
         <uninitialized>true</uninitialized>
         <run_address>0x20000a80</run_address>
         <size>0x4</size>
      </object_component>
      <object_component id="oc-1c8">
         <name>.common:x5</name>
         <uninitialized>true</uninitialized>
         <run_address>0x20000900</run_address>
         <size>0x40</size>
      </object_component>
      <object_component id="oc-1c6">
         <name>.common:I5</name>
         <uninitialized>true</uninitialized>
         <run_address>0x20000a30</run_address>
         <size>0x4</size>
      </object_component>
      <object_component id="oc-1c7">
         <name>.common:LPFSum5</name>
         <uninitialized>true</uninitialized>
         <run_address>0x20000a50</run_address>
         <size>0x4</size>
      </object_component>
      <object_component id="oc-1c9">
         <name>.common:sigma5</name>
         <uninitialized>true</uninitialized>
         <run_address>0x20000ab8</run_address>
         <size>0x4</size>
      </object_component>
      <object_component id="oc-1ca">
         <name>.common:snr5</name>
         <uninitialized>true</uninitialized>
         <run_address>0x20000ad4</run_address>
         <size>0x4</size>
      </object_component>
      <object_component id="oc-1cb">
         <name>.common:Size6</name>
         <uninitialized>true</uninitialized>
         <run_address>0x20000a84</run_address>
         <size>0x4</size>
      </object_component>
      <object_component id="oc-1ce">
         <name>.common:x6</name>
         <uninitialized>true</uninitialized>
         <run_address>0x20000940</run_address>
         <size>0x40</size>
      </object_component>
      <object_component id="oc-1cc">
         <name>.common:I6</name>
         <uninitialized>true</uninitialized>
         <run_address>0x20000a34</run_address>
         <size>0x4</size>
      </object_component>
      <object_component id="oc-1cd">
         <name>.common:LPFSum6</name>
         <uninitialized>true</uninitialized>
         <run_address>0x20000a54</run_address>
         <size>0x4</size>
      </object_component>
      <object_component id="oc-1cf">
         <name>.common:sigma6</name>
         <uninitialized>true</uninitialized>
         <run_address>0x20000abc</run_address>
         <size>0x4</size>
      </object_component>
      <object_component id="oc-1d0">
         <name>.common:snr6</name>
         <uninitialized>true</uninitialized>
         <run_address>0x20000ad8</run_address>
         <size>0x4</size>
      </object_component>
      <object_component id="oc-1d1">
         <name>.common:Size7</name>
         <uninitialized>true</uninitialized>
         <run_address>0x20000a88</run_address>
         <size>0x4</size>
      </object_component>
      <object_component id="oc-1d4">
         <name>.common:x7</name>
         <uninitialized>true</uninitialized>
         <run_address>0x20000980</run_address>
         <size>0x40</size>
      </object_component>
      <object_component id="oc-1d2">
         <name>.common:I7</name>
         <uninitialized>true</uninitialized>
         <run_address>0x20000a38</run_address>
         <size>0x4</size>
      </object_component>
      <object_component id="oc-1d3">
         <name>.common:LPFSum7</name>
         <uninitialized>true</uninitialized>
         <run_address>0x20000a58</run_address>
         <size>0x4</size>
      </object_component>
      <object_component id="oc-1d5">
         <name>.common:sigma7</name>
         <uninitialized>true</uninitialized>
         <run_address>0x20000ac0</run_address>
         <size>0x4</size>
      </object_component>
      <object_component id="oc-1d6">
         <name>.common:snr7</name>
         <uninitialized>true</uninitialized>
         <run_address>0x20000adc</run_address>
         <size>0x4</size>
      </object_component>
      <object_component id="oc-1d9">
         <name>.common:u1</name>
         <uninitialized>true</uninitialized>
         <run_address>0x20000ae0</run_address>
         <size>0x4</size>
      </object_component>
      <object_component id="oc-1d8">
         <name>.common:u2</name>
         <uninitialized>true</uninitialized>
         <run_address>0x20000ae4</run_address>
         <size>0x4</size>
      </object_component>
      <object_component id="oc-1d7">
         <name>.common:u3</name>
         <uninitialized>true</uninitialized>
         <run_address>0x20000ae8</run_address>
         <size>0x4</size>
      </object_component>
      <object_component id="oc-1fb">
         <name>.common:LCDFree</name>
         <uninitialized>true</uninitialized>
         <run_address>0x20000a3c</run_address>
         <size>0x4</size>
      </object_component>
      <object_component id="oc-213">
         <name>.common:Message</name>
         <uninitialized>true</uninitialized>
         <run_address>0x200009f0</run_address>
         <size>0xc</size>
      </object_component>
      <object_component id="oc-214">
         <name>.common:Messageindex</name>
         <uninitialized>true</uninitialized>
         <run_address>0x20000a5c</run_address>
         <size>0x4</size>
      </object_component>
      <object_component id="oc-215">
         <name>.common:Ymax</name>
         <uninitialized>true</uninitialized>
         <run_address>0x20000a9c</run_address>
         <size>0x4</size>
      </object_component>
      <object_component id="oc-216">
         <name>.common:Ymin</name>
         <uninitialized>true</uninitialized>
         <run_address>0x20000aa0</run_address>
         <size>0x4</size>
      </object_component>
      <object_component id="oc-218">
         <name>.common:X</name>
         <uninitialized>true</uninitialized>
         <run_address>0x20000a98</run_address>
         <size>0x4</size>
      </object_component>
      <object_component id="oc-217">
         <name>.common:Yrange</name>
         <uninitialized>true</uninitialized>
         <run_address>0x20000aa4</run_address>
         <size>0x4</size>
      </object_component>
      <object_component id="oc-b5">
         <name>.common:PeriodicTask4</name>
         <uninitialized>true</uninitialized>
         <run_address>0x20000a64</run_address>
         <size>0x4</size>
      </object_component>
      <object_component id="oc-9d">
         <name>.common:RxPutI</name>
         <uninitialized>true</uninitialized>
         <run_address>0x20000a6c</run_address>
         <size>0x4</size>
      </object_component>
      <object_component id="oc-a0">
         <name>.common:RxGetI</name>
         <uninitialized>true</uninitialized>
         <run_address>0x20000a68</run_address>
         <size>0x4</size>
      </object_component>
      <object_component id="oc-a4">
         <name>.common:TxPutI</name>
         <uninitialized>true</uninitialized>
         <run_address>0x20000a90</run_address>
         <size>0x4</size>
      </object_component>
      <object_component id="oc-a5">
         <name>.common:TxGetI</name>
         <uninitialized>true</uninitialized>
         <run_address>0x20000a8c</run_address>
         <size>0x4</size>
      </object_component>
      <object_component id="oc-b9">
         <name>.common:WidePeriodicTask0</name>
         <uninitialized>true</uninitialized>
         <run_address>0x20000a94</run_address>
         <size>0x4</size>
      </object_component>
      <object_component id="oc-24">
         <name>.stack</name>
         <uninitialized>true</uninitialized>
         <run_address>0x20000af0</run_address>
         <size>0x4</size>
         <input_file_ref idref="fl-d1"/>
      </object_component>
      <object_component id="oc-2da">
         <name>.stack</name>
         <uninitialized>true</uninitialized>
         <run_address>0x20000af0</run_address>
         <size>0x0</size>
      </object_component>
      <object_component id="oc-11f">
         <name>.debug_info</name>
         <load_address>0x0</load_address>
         <run_address>0x0</run_address>
         <size>0x4fc</size>
         <input_file_ref idref="fl-1"/>
      </object_component>
      <object_component id="oc-e6">
         <name>.debug_info</name>
         <load_address>0x4fc</load_address>
         <run_address>0x4fc</run_address>
         <size>0x254</size>
         <input_file_ref idref="fl-1"/>
      </object_component>
      <object_component id="oc-bf">
         <name>.debug_info</name>
         <load_address>0x750</load_address>
         <run_address>0x750</run_address>
         <size>0x26b</size>
         <input_file_ref idref="fl-1"/>
      </object_component>
      <object_component id="oc-fd">
         <name>.debug_info</name>
         <load_address>0x9bb</load_address>
         <run_address>0x9bb</run_address>
         <size>0x4e</size>
         <input_file_ref idref="fl-1"/>
      </object_component>
      <object_component id="oc-54">
         <name>.debug_info</name>
         <load_address>0xa09</load_address>
         <run_address>0xa09</run_address>
         <size>0x84</size>
         <input_file_ref idref="fl-1"/>
      </object_component>
      <object_component id="oc-107">
         <name>.debug_info</name>
         <load_address>0xa8d</load_address>
         <run_address>0xa8d</run_address>
         <size>0x2a4</size>
         <input_file_ref idref="fl-1"/>
      </object_component>
      <object_component id="oc-98">
         <name>.debug_info</name>
         <load_address>0xd31</load_address>
         <run_address>0xd31</run_address>
         <size>0xbb</size>
         <input_file_ref idref="fl-1"/>
      </object_component>
      <object_component id="oc-1a5">
         <name>.debug_info</name>
         <load_address>0xdec</load_address>
         <run_address>0xdec</run_address>
         <size>0x51</size>
         <input_file_ref idref="fl-1"/>
      </object_component>
      <object_component id="oc-4d">
         <name>.debug_info</name>
         <load_address>0xe3d</load_address>
         <run_address>0xe3d</run_address>
         <size>0x2f0</size>
         <input_file_ref idref="fl-2"/>
      </object_component>
      <object_component id="oc-13">
         <name>.debug_info</name>
         <load_address>0x112d</load_address>
         <run_address>0x112d</run_address>
         <size>0x12f</size>
         <input_file_ref idref="fl-2"/>
      </object_component>
      <object_component id="oc-28">
         <name>.debug_info</name>
         <load_address>0x125c</load_address>
         <run_address>0x125c</run_address>
         <size>0x3a0a</size>
         <input_file_ref idref="fl-2"/>
      </object_component>
      <object_component id="oc-132">
         <name>.debug_info</name>
         <load_address>0x4c66</load_address>
         <run_address>0x4c66</run_address>
         <size>0x1ce</size>
         <input_file_ref idref="fl-3"/>
      </object_component>
      <object_component id="oc-b1">
         <name>.debug_info</name>
         <load_address>0x4e34</load_address>
         <run_address>0x4e34</run_address>
         <size>0x301</size>
         <input_file_ref idref="fl-5"/>
      </object_component>
      <object_component id="oc-3a">
         <name>.debug_info</name>
         <load_address>0x5135</load_address>
         <run_address>0x5135</run_address>
         <size>0x470</size>
         <input_file_ref idref="fl-5"/>
      </object_component>
      <object_component id="oc-246">
         <name>.debug_info</name>
         <load_address>0x55a5</load_address>
         <run_address>0x55a5</run_address>
         <size>0x2bb</size>
         <input_file_ref idref="fl-7"/>
      </object_component>
      <object_component id="oc-1e5">
         <name>.debug_info</name>
         <load_address>0x5860</load_address>
         <run_address>0x5860</run_address>
         <size>0x10f</size>
         <input_file_ref idref="fl-7"/>
      </object_component>
      <object_component id="oc-1e8">
         <name>.debug_info</name>
         <load_address>0x596f</load_address>
         <run_address>0x596f</run_address>
         <size>0x10f</size>
         <input_file_ref idref="fl-7"/>
      </object_component>
      <object_component id="oc-1e2">
         <name>.debug_info</name>
         <load_address>0x5a7e</load_address>
         <run_address>0x5a7e</run_address>
         <size>0x10f</size>
         <input_file_ref idref="fl-7"/>
      </object_component>
      <object_component id="oc-1df">
         <name>.debug_info</name>
         <load_address>0x5b8d</load_address>
         <run_address>0x5b8d</run_address>
         <size>0x117</size>
         <input_file_ref idref="fl-7"/>
      </object_component>
      <object_component id="oc-13e">
         <name>.debug_info</name>
         <load_address>0x5ca4</load_address>
         <run_address>0x5ca4</run_address>
         <size>0x1d5</size>
         <input_file_ref idref="fl-7"/>
      </object_component>
      <object_component id="oc-1a0">
         <name>.debug_info</name>
         <load_address>0x5e79</load_address>
         <run_address>0x5e79</run_address>
         <size>0x2c0</size>
         <input_file_ref idref="fl-8"/>
      </object_component>
      <object_component id="oc-157">
         <name>.debug_info</name>
         <load_address>0x6139</load_address>
         <run_address>0x6139</run_address>
         <size>0x27a</size>
         <input_file_ref idref="fl-8"/>
      </object_component>
      <object_component id="oc-254">
         <name>.debug_info</name>
         <load_address>0x63b3</load_address>
         <run_address>0x63b3</run_address>
         <size>0x128</size>
         <input_file_ref idref="fl-8"/>
      </object_component>
      <object_component id="oc-128">
         <name>.debug_info</name>
         <load_address>0x64db</load_address>
         <run_address>0x64db</run_address>
         <size>0x2c</size>
         <input_file_ref idref="fl-8"/>
      </object_component>
      <object_component id="oc-10e">
         <name>.debug_info</name>
         <load_address>0x6507</load_address>
         <run_address>0x6507</run_address>
         <size>0x35</size>
         <input_file_ref idref="fl-8"/>
      </object_component>
      <object_component id="oc-1ac">
         <name>.debug_info</name>
         <load_address>0x653c</load_address>
         <run_address>0x653c</run_address>
         <size>0x741</size>
         <input_file_ref idref="fl-9"/>
      </object_component>
      <object_component id="oc-138">
         <name>.debug_info</name>
         <load_address>0x6c7d</load_address>
         <run_address>0x6c7d</run_address>
         <size>0xe59</size>
         <input_file_ref idref="fl-9"/>
      </object_component>
      <object_component id="oc-21e">
         <name>.debug_info</name>
         <load_address>0x7ad6</load_address>
         <run_address>0x7ad6</run_address>
         <size>0x2ac</size>
         <input_file_ref idref="fl-a"/>
      </object_component>
      <object_component id="oc-152">
         <name>.debug_info</name>
         <load_address>0x7d82</load_address>
         <run_address>0x7d82</run_address>
         <size>0x3f0</size>
         <input_file_ref idref="fl-a"/>
      </object_component>
      <object_component id="oc-96">
         <name>.debug_info</name>
         <load_address>0x8172</load_address>
         <run_address>0x8172</run_address>
         <size>0x41a</size>
         <input_file_ref idref="fl-b"/>
      </object_component>
      <object_component id="oc-93">
         <name>.debug_info</name>
         <load_address>0x858c</load_address>
         <run_address>0x858c</run_address>
         <size>0x122</size>
         <input_file_ref idref="fl-b"/>
      </object_component>
      <object_component id="oc-2f">
         <name>.debug_info</name>
         <load_address>0x86ae</load_address>
         <run_address>0x86ae</run_address>
         <size>0x137f</size>
         <input_file_ref idref="fl-b"/>
      </object_component>
      <object_component id="oc-102">
         <name>.debug_info</name>
         <load_address>0x9a2d</load_address>
         <run_address>0x9a2d</run_address>
         <size>0xcc</size>
         <input_file_ref idref="fl-b"/>
      </object_component>
      <object_component id="oc-144">
         <name>.debug_info</name>
         <load_address>0x9af9</load_address>
         <run_address>0x9af9</run_address>
         <size>0x169</size>
         <input_file_ref idref="fl-c"/>
      </object_component>
      <object_component id="oc-1fc">
         <name>.debug_info</name>
         <load_address>0x9c62</load_address>
         <run_address>0x9c62</run_address>
         <size>0x487</size>
         <input_file_ref idref="fl-d"/>
      </object_component>
      <object_component id="oc-1f9">
         <name>.debug_info</name>
         <load_address>0xa0e9</load_address>
         <run_address>0xa0e9</run_address>
         <size>0x1a5</size>
         <input_file_ref idref="fl-d"/>
      </object_component>
      <object_component id="oc-211">
         <name>.debug_info</name>
         <load_address>0xa28e</load_address>
         <run_address>0xa28e</run_address>
         <size>0x111</size>
         <input_file_ref idref="fl-d"/>
      </object_component>
      <object_component id="oc-1f3">
         <name>.debug_info</name>
         <load_address>0xa39f</load_address>
         <run_address>0xa39f</run_address>
         <size>0x17c</size>
         <input_file_ref idref="fl-d"/>
      </object_component>
      <object_component id="oc-1f6">
         <name>.debug_info</name>
         <load_address>0xa51b</load_address>
         <run_address>0xa51b</run_address>
         <size>0x111</size>
         <input_file_ref idref="fl-d"/>
      </object_component>
      <object_component id="oc-1ff">
         <name>.debug_info</name>
         <load_address>0xa62c</load_address>
         <run_address>0xa62c</run_address>
         <size>0x113</size>
         <input_file_ref idref="fl-d"/>
      </object_component>
      <object_component id="oc-202">
         <name>.debug_info</name>
         <load_address>0xa73f</load_address>
         <run_address>0xa73f</run_address>
         <size>0x11d</size>
         <input_file_ref idref="fl-d"/>
      </object_component>
      <object_component id="oc-205">
         <name>.debug_info</name>
         <load_address>0xa85c</load_address>
         <run_address>0xa85c</run_address>
         <size>0x119</size>
         <input_file_ref idref="fl-d"/>
      </object_component>
      <object_component id="oc-208">
         <name>.debug_info</name>
         <load_address>0xa975</load_address>
         <run_address>0xa975</run_address>
         <size>0x113</size>
         <input_file_ref idref="fl-d"/>
      </object_component>
      <object_component id="oc-20b">
         <name>.debug_info</name>
         <load_address>0xaa88</load_address>
         <run_address>0xaa88</run_address>
         <size>0x120</size>
         <input_file_ref idref="fl-d"/>
      </object_component>
      <object_component id="oc-20e">
         <name>.debug_info</name>
         <load_address>0xaba8</load_address>
         <run_address>0xaba8</run_address>
         <size>0x116</size>
         <input_file_ref idref="fl-d"/>
      </object_component>
      <object_component id="oc-21a">
         <name>.debug_info</name>
         <load_address>0xacbe</load_address>
         <run_address>0xacbe</run_address>
         <size>0x112</size>
         <input_file_ref idref="fl-d"/>
      </object_component>
      <object_component id="oc-14a">
         <name>.debug_info</name>
         <load_address>0xadd0</load_address>
         <run_address>0xadd0</run_address>
         <size>0x257c</size>
         <input_file_ref idref="fl-d"/>
      </object_component>
      <object_component id="oc-b6">
         <name>.debug_info</name>
         <load_address>0xd34c</load_address>
         <run_address>0xd34c</run_address>
         <size>0x2d8</size>
         <input_file_ref idref="fl-e"/>
      </object_component>
      <object_component id="oc-40">
         <name>.debug_info</name>
         <load_address>0xd624</load_address>
         <run_address>0xd624</run_address>
         <size>0x29a</size>
         <input_file_ref idref="fl-e"/>
      </object_component>
      <object_component id="oc-9e">
         <name>.debug_info</name>
         <load_address>0xd8be</load_address>
         <run_address>0xd8be</run_address>
         <size>0x390</size>
         <input_file_ref idref="fl-f"/>
      </object_component>
      <object_component id="oc-a2">
         <name>.debug_info</name>
         <load_address>0xdc4e</load_address>
         <run_address>0xdc4e</run_address>
         <size>0x116</size>
         <input_file_ref idref="fl-f"/>
      </object_component>
      <object_component id="oc-a7">
         <name>.debug_info</name>
         <load_address>0xdd64</load_address>
         <run_address>0xdd64</run_address>
         <size>0x116</size>
         <input_file_ref idref="fl-f"/>
      </object_component>
      <object_component id="oc-37">
         <name>.debug_info</name>
         <load_address>0xde7a</load_address>
         <run_address>0xde7a</run_address>
         <size>0x10b3</size>
         <input_file_ref idref="fl-f"/>
      </object_component>
      <object_component id="oc-ba">
         <name>.debug_info</name>
         <load_address>0xef2d</load_address>
         <run_address>0xef2d</run_address>
         <size>0x2e1</size>
         <input_file_ref idref="fl-11"/>
      </object_component>
      <object_component id="oc-46">
         <name>.debug_info</name>
         <load_address>0xf20e</load_address>
         <run_address>0xf20e</run_address>
         <size>0x2b7</size>
         <input_file_ref idref="fl-11"/>
      </object_component>
      <object_component id="oc-259">
         <name>.debug_info</name>
         <load_address>0xf4c5</load_address>
         <run_address>0xf4c5</run_address>
         <size>0x2e5</size>
         <input_file_ref idref="fl-12"/>
      </object_component>
      <object_component id="oc-251">
         <name>.debug_info</name>
         <load_address>0xf7aa</load_address>
         <run_address>0xf7aa</run_address>
         <size>0x120</size>
         <input_file_ref idref="fl-12"/>
      </object_component>
      <object_component id="oc-24e">
         <name>.debug_info</name>
         <load_address>0xf8ca</load_address>
         <run_address>0xf8ca</run_address>
         <size>0x14f</size>
         <input_file_ref idref="fl-12"/>
      </object_component>
      <object_component id="oc-1ed">
         <name>.debug_info</name>
         <load_address>0xfa19</load_address>
         <run_address>0xfa19</run_address>
         <size>0x11e2</size>
         <input_file_ref idref="fl-12"/>
      </object_component>
      <object_component id="oc-f8">
         <name>.debug_info</name>
         <load_address>0x10bfb</load_address>
         <run_address>0x10bfb</run_address>
         <size>0x2cc</size>
         <input_file_ref idref="fl-13"/>
      </object_component>
      <object_component id="oc-8d">
         <name>.debug_info</name>
         <load_address>0x10ec7</load_address>
         <run_address>0x10ec7</run_address>
         <size>0x763</size>
         <input_file_ref idref="fl-13"/>
      </object_component>
      <object_component id="oc-d8">
         <name>.debug_info</name>
         <load_address>0x1162a</load_address>
         <run_address>0x1162a</run_address>
         <size>0x2d4</size>
         <input_file_ref idref="fl-cd"/>
      </object_component>
      <object_component id="oc-6f">
         <name>.debug_info</name>
         <load_address>0x118fe</load_address>
         <run_address>0x118fe</run_address>
         <size>0x1b5</size>
         <input_file_ref idref="fl-cd"/>
      </object_component>
      <object_component id="oc-d3">
         <name>.debug_info</name>
         <load_address>0x11ab3</load_address>
         <run_address>0x11ab3</run_address>
         <size>0x46</size>
         <input_file_ref idref="fl-cd"/>
      </object_component>
      <object_component id="oc-64">
         <name>.debug_info</name>
         <load_address>0x11af9</load_address>
         <run_address>0x11af9</run_address>
         <size>0x2a8</size>
         <input_file_ref idref="fl-ce"/>
      </object_component>
      <object_component id="oc-1c">
         <name>.debug_info</name>
         <load_address>0x11da1</load_address>
         <run_address>0x11da1</run_address>
         <size>0x1ea</size>
         <input_file_ref idref="fl-ce"/>
      </object_component>
      <object_component id="oc-5f">
         <name>.debug_info</name>
         <load_address>0x11f8b</load_address>
         <run_address>0x11f8b</run_address>
         <size>0x46</size>
         <input_file_ref idref="fl-ce"/>
      </object_component>
      <object_component id="oc-cb">
         <name>.debug_info</name>
         <load_address>0x11fd1</load_address>
         <run_address>0x11fd1</run_address>
         <size>0x2c</size>
         <input_file_ref idref="fl-ce"/>
      </object_component>
      <object_component id="oc-c9">
         <name>.debug_info</name>
         <load_address>0x11ffd</load_address>
         <run_address>0x11ffd</run_address>
         <size>0x29e</size>
         <input_file_ref idref="fl-cf"/>
      </object_component>
      <object_component id="oc-16">
         <name>.debug_info</name>
         <load_address>0x1229b</load_address>
         <run_address>0x1229b</run_address>
         <size>0x250</size>
         <input_file_ref idref="fl-cf"/>
      </object_component>
      <object_component id="oc-4f">
         <name>.debug_info</name>
         <load_address>0x124eb</load_address>
         <run_address>0x124eb</run_address>
         <size>0x60</size>
         <input_file_ref idref="fl-cf"/>
      </object_component>
      <object_component id="oc-121">
         <name>.debug_info</name>
         <load_address>0x1254b</load_address>
         <run_address>0x1254b</run_address>
         <size>0x46</size>
         <input_file_ref idref="fl-cf"/>
      </object_component>
      <object_component id="oc-c4">
         <name>.debug_info</name>
         <load_address>0x12591</load_address>
         <run_address>0x12591</run_address>
         <size>0x39</size>
         <input_file_ref idref="fl-cf"/>
      </object_component>
      <object_component id="oc-118">
         <name>.debug_info</name>
         <load_address>0x125ca</load_address>
         <run_address>0x125ca</run_address>
         <size>0x2a4</size>
         <input_file_ref idref="fl-d0"/>
      </object_component>
      <object_component id="oc-ac">
         <name>.debug_info</name>
         <load_address>0x1286e</load_address>
         <run_address>0x1286e</run_address>
         <size>0x24d</size>
         <input_file_ref idref="fl-d0"/>
      </object_component>
      <object_component id="oc-25">
         <name>.debug_info</name>
         <load_address>0x12abb</load_address>
         <run_address>0x12abb</run_address>
         <size>0x10b</size>
         <input_file_ref idref="fl-d1"/>
      </object_component>
      <object_component id="oc-7a">
         <name>.debug_info</name>
         <load_address>0x12bc6</load_address>
         <run_address>0x12bc6</run_address>
         <size>0x1a9</size>
         <input_file_ref idref="fl-d1"/>
      </object_component>
      <object_component id="oc-5b">
         <name>.debug_info</name>
         <load_address>0x12d6f</load_address>
         <run_address>0x12d6f</run_address>
         <size>0x119</size>
         <input_file_ref idref="fl-d2"/>
      </object_component>
      <object_component id="oc-da">
         <name>.debug_info</name>
         <load_address>0x12e88</load_address>
         <run_address>0x12e88</run_address>
         <size>0x147</size>
         <input_file_ref idref="fl-d3"/>
      </object_component>
      <object_component id="oc-22b">
         <name>.debug_info</name>
         <load_address>0x12fcf</load_address>
         <run_address>0x12fcf</run_address>
         <size>0x4b3</size>
         <input_file_ref idref="fl-d4"/>
      </object_component>
      <object_component id="oc-16f">
         <name>.debug_info</name>
         <load_address>0x13482</load_address>
         <run_address>0x13482</run_address>
         <size>0x1a6</size>
         <input_file_ref idref="fl-d4"/>
      </object_component>
      <object_component id="oc-284">
         <name>.debug_info</name>
         <load_address>0x13628</load_address>
         <run_address>0x13628</run_address>
         <size>0x39</size>
         <input_file_ref idref="fl-d4"/>
      </object_component>
      <object_component id="oc-2a0">
         <name>.debug_info</name>
         <load_address>0x13661</load_address>
         <run_address>0x13661</run_address>
         <size>0x39</size>
         <input_file_ref idref="fl-d4"/>
      </object_component>
      <object_component id="oc-289">
         <name>.debug_info</name>
         <load_address>0x1369a</load_address>
         <run_address>0x1369a</run_address>
         <size>0x39</size>
         <input_file_ref idref="fl-d4"/>
      </object_component>
      <object_component id="oc-28e">
         <name>.debug_info</name>
         <load_address>0x136d3</load_address>
         <run_address>0x136d3</run_address>
         <size>0xcd</size>
         <input_file_ref idref="fl-d4"/>
      </object_component>
      <object_component id="oc-e3">
         <name>.debug_info</name>
         <load_address>0x137a0</load_address>
         <run_address>0x137a0</run_address>
         <size>0x153</size>
         <input_file_ref idref="fl-d5"/>
      </object_component>
      <object_component id="oc-162">
         <name>.debug_info</name>
         <load_address>0x138f3</load_address>
         <run_address>0x138f3</run_address>
         <size>0x122</size>
         <input_file_ref idref="fl-d7"/>
      </object_component>
      <object_component id="oc-2db">
         <name>.debug_info</name>
         <load_address>0x13a15</load_address>
         <run_address>0x13a15</run_address>
         <size>0xe2</size>
      </object_component>
      <object_component id="oc-1a4">
         <name>.debug_line</name>
         <load_address>0x0</load_address>
         <run_address>0x0</run_address>
         <size>0x135</size>
         <input_file_ref idref="fl-1"/>
      </object_component>
      <object_component id="oc-e9">
         <name>.debug_line</name>
         <load_address>0x135</load_address>
         <run_address>0x135</run_address>
         <size>0x6c</size>
         <input_file_ref idref="fl-1"/>
      </object_component>
      <object_component id="oc-c2">
         <name>.debug_line</name>
         <load_address>0x1a1</load_address>
         <run_address>0x1a1</run_address>
         <size>0x7a</size>
         <input_file_ref idref="fl-1"/>
      </object_component>
      <object_component id="oc-100">
         <name>.debug_line</name>
         <load_address>0x21b</load_address>
         <run_address>0x21b</run_address>
         <size>0x3c</size>
         <input_file_ref idref="fl-1"/>
      </object_component>
      <object_component id="oc-57">
         <name>.debug_line</name>
         <load_address>0x257</load_address>
         <run_address>0x257</run_address>
         <size>0x20</size>
         <input_file_ref idref="fl-1"/>
      </object_component>
      <object_component id="oc-10a">
         <name>.debug_line</name>
         <load_address>0x277</load_address>
         <run_address>0x277</run_address>
         <size>0x7e</size>
         <input_file_ref idref="fl-1"/>
      </object_component>
      <object_component id="oc-9b">
         <name>.debug_line</name>
         <load_address>0x2f5</load_address>
         <run_address>0x2f5</run_address>
         <size>0x7b</size>
         <input_file_ref idref="fl-1"/>
      </object_component>
      <object_component id="oc-1a8">
         <name>.debug_line</name>
         <load_address>0x370</load_address>
         <run_address>0x370</run_address>
         <size>0x40</size>
         <input_file_ref idref="fl-1"/>
      </object_component>
      <object_component id="oc-be">
         <name>.debug_line</name>
         <load_address>0x3b0</load_address>
         <run_address>0x3b0</run_address>
         <size>0x41</size>
         <input_file_ref idref="fl-2"/>
      </object_component>
      <object_component id="oc-4c">
         <name>.debug_line</name>
         <load_address>0x3f1</load_address>
         <run_address>0x3f1</run_address>
         <size>0x41</size>
         <input_file_ref idref="fl-2"/>
      </object_component>
      <object_component id="oc-2b">
         <name>.debug_line</name>
         <load_address>0x432</load_address>
         <run_address>0x432</run_address>
         <size>0xc38</size>
         <input_file_ref idref="fl-2"/>
      </object_component>
      <object_component id="oc-135">
         <name>.debug_line</name>
         <load_address>0x106a</load_address>
         <run_address>0x106a</run_address>
         <size>0x5d</size>
         <input_file_ref idref="fl-3"/>
      </object_component>
      <object_component id="oc-11a">
         <name>.debug_line</name>
         <load_address>0x10c7</load_address>
         <run_address>0x10c7</run_address>
         <size>0x3a</size>
         <input_file_ref idref="fl-5"/>
      </object_component>
      <object_component id="oc-3d">
         <name>.debug_line</name>
         <load_address>0x1101</load_address>
         <run_address>0x1101</run_address>
         <size>0x20f</size>
         <input_file_ref idref="fl-5"/>
      </object_component>
      <object_component id="oc-296">
         <name>.debug_line</name>
         <load_address>0x1310</load_address>
         <run_address>0x1310</run_address>
         <size>0x20</size>
         <input_file_ref idref="fl-7"/>
      </object_component>
      <object_component id="oc-24a">
         <name>.debug_line</name>
         <load_address>0x1330</load_address>
         <run_address>0x1330</run_address>
         <size>0x37</size>
         <input_file_ref idref="fl-7"/>
      </object_component>
      <object_component id="oc-24c">
         <name>.debug_line</name>
         <load_address>0x1367</load_address>
         <run_address>0x1367</run_address>
         <size>0x37</size>
         <input_file_ref idref="fl-7"/>
      </object_component>
      <object_component id="oc-248">
         <name>.debug_line</name>
         <load_address>0x139e</load_address>
         <run_address>0x139e</run_address>
         <size>0x37</size>
         <input_file_ref idref="fl-7"/>
      </object_component>
      <object_component id="oc-245">
         <name>.debug_line</name>
         <load_address>0x13d5</load_address>
         <run_address>0x13d5</run_address>
         <size>0x37</size>
         <input_file_ref idref="fl-7"/>
      </object_component>
      <object_component id="oc-141">
         <name>.debug_line</name>
         <load_address>0x140c</load_address>
         <run_address>0x140c</run_address>
         <size>0x54</size>
         <input_file_ref idref="fl-7"/>
      </object_component>
      <object_component id="oc-241">
         <name>.debug_line</name>
         <load_address>0x1460</load_address>
         <run_address>0x1460</run_address>
         <size>0x20</size>
         <input_file_ref idref="fl-8"/>
      </object_component>
      <object_component id="oc-159">
         <name>.debug_line</name>
         <load_address>0x1480</load_address>
         <run_address>0x1480</run_address>
         <size>0x5f</size>
         <input_file_ref idref="fl-8"/>
      </object_component>
      <object_component id="oc-257">
         <name>.debug_line</name>
         <load_address>0x14df</load_address>
         <run_address>0x14df</run_address>
         <size>0x46</size>
         <input_file_ref idref="fl-8"/>
      </object_component>
      <object_component id="oc-12b">
         <name>.debug_line</name>
         <load_address>0x1525</load_address>
         <run_address>0x1525</run_address>
         <size>0x76</size>
         <input_file_ref idref="fl-8"/>
      </object_component>
      <object_component id="oc-111">
         <name>.debug_line</name>
         <load_address>0x159b</load_address>
         <run_address>0x159b</run_address>
         <size>0x7f</size>
         <input_file_ref idref="fl-8"/>
      </object_component>
      <object_component id="oc-243">
         <name>.debug_line</name>
         <load_address>0x161a</load_address>
         <run_address>0x161a</run_address>
         <size>0x30</size>
         <input_file_ref idref="fl-9"/>
      </object_component>
      <object_component id="oc-13b">
         <name>.debug_line</name>
         <load_address>0x164a</load_address>
         <run_address>0x164a</run_address>
         <size>0x541</size>
         <input_file_ref idref="fl-9"/>
      </object_component>
      <object_component id="oc-273">
         <name>.debug_line</name>
         <load_address>0x1b8b</load_address>
         <run_address>0x1b8b</run_address>
         <size>0x20</size>
         <input_file_ref idref="fl-a"/>
      </object_component>
      <object_component id="oc-154">
         <name>.debug_line</name>
         <load_address>0x1bab</load_address>
         <run_address>0x1bab</run_address>
         <size>0x102</size>
         <input_file_ref idref="fl-a"/>
      </object_component>
      <object_component id="oc-fc">
         <name>.debug_line</name>
         <load_address>0x1cad</load_address>
         <run_address>0x1cad</run_address>
         <size>0x99</size>
         <input_file_ref idref="fl-b"/>
      </object_component>
      <object_component id="oc-fa">
         <name>.debug_line</name>
         <load_address>0x1d46</load_address>
         <run_address>0x1d46</run_address>
         <size>0x2f</size>
         <input_file_ref idref="fl-b"/>
      </object_component>
      <object_component id="oc-31">
         <name>.debug_line</name>
         <load_address>0x1d75</load_address>
         <run_address>0x1d75</run_address>
         <size>0x418</size>
         <input_file_ref idref="fl-b"/>
      </object_component>
      <object_component id="oc-105">
         <name>.debug_line</name>
         <load_address>0x218d</load_address>
         <run_address>0x218d</run_address>
         <size>0x75</size>
         <input_file_ref idref="fl-b"/>
      </object_component>
      <object_component id="oc-147">
         <name>.debug_line</name>
         <load_address>0x2202</load_address>
         <run_address>0x2202</run_address>
         <size>0x56</size>
         <input_file_ref idref="fl-c"/>
      </object_component>
      <object_component id="oc-261">
         <name>.debug_line</name>
         <load_address>0x2258</load_address>
         <run_address>0x2258</run_address>
         <size>0x7c</size>
         <input_file_ref idref="fl-d"/>
      </object_component>
      <object_component id="oc-25f">
         <name>.debug_line</name>
         <load_address>0x22d4</load_address>
         <run_address>0x22d4</run_address>
         <size>0x33</size>
         <input_file_ref idref="fl-d"/>
      </object_component>
      <object_component id="oc-26f">
         <name>.debug_line</name>
         <load_address>0x2307</load_address>
         <run_address>0x2307</run_address>
         <size>0x33</size>
         <input_file_ref idref="fl-d"/>
      </object_component>
      <object_component id="oc-25b">
         <name>.debug_line</name>
         <load_address>0x233a</load_address>
         <run_address>0x233a</run_address>
         <size>0x33</size>
         <input_file_ref idref="fl-d"/>
      </object_component>
      <object_component id="oc-25d">
         <name>.debug_line</name>
         <load_address>0x236d</load_address>
         <run_address>0x236d</run_address>
         <size>0x33</size>
         <input_file_ref idref="fl-d"/>
      </object_component>
      <object_component id="oc-263">
         <name>.debug_line</name>
         <load_address>0x23a0</load_address>
         <run_address>0x23a0</run_address>
         <size>0x33</size>
         <input_file_ref idref="fl-d"/>
      </object_component>
      <object_component id="oc-265">
         <name>.debug_line</name>
         <load_address>0x23d3</load_address>
         <run_address>0x23d3</run_address>
         <size>0x33</size>
         <input_file_ref idref="fl-d"/>
      </object_component>
      <object_component id="oc-267">
         <name>.debug_line</name>
         <load_address>0x2406</load_address>
         <run_address>0x2406</run_address>
         <size>0x33</size>
         <input_file_ref idref="fl-d"/>
      </object_component>
      <object_component id="oc-269">
         <name>.debug_line</name>
         <load_address>0x2439</load_address>
         <run_address>0x2439</run_address>
         <size>0x33</size>
         <input_file_ref idref="fl-d"/>
      </object_component>
      <object_component id="oc-26b">
         <name>.debug_line</name>
         <load_address>0x246c</load_address>
         <run_address>0x246c</run_address>
         <size>0x33</size>
         <input_file_ref idref="fl-d"/>
      </object_component>
      <object_component id="oc-26d">
         <name>.debug_line</name>
         <load_address>0x249f</load_address>
         <run_address>0x249f</run_address>
         <size>0x33</size>
         <input_file_ref idref="fl-d"/>
      </object_component>
      <object_component id="oc-271">
         <name>.debug_line</name>
         <load_address>0x24d2</load_address>
         <run_address>0x24d2</run_address>
         <size>0x33</size>
         <input_file_ref idref="fl-d"/>
      </object_component>
      <object_component id="oc-14d">
         <name>.debug_line</name>
         <load_address>0x2505</load_address>
         <run_address>0x2505</run_address>
         <size>0x982</size>
         <input_file_ref idref="fl-d"/>
      </object_component>
      <object_component id="oc-11c">
         <name>.debug_line</name>
         <load_address>0x2e87</load_address>
         <run_address>0x2e87</run_address>
         <size>0x34</size>
         <input_file_ref idref="fl-e"/>
      </object_component>
      <object_component id="oc-43">
         <name>.debug_line</name>
         <load_address>0x2ebb</load_address>
         <run_address>0x2ebb</run_address>
         <size>0x8c</size>
         <input_file_ref idref="fl-e"/>
      </object_component>
      <object_component id="oc-10d">
         <name>.debug_line</name>
         <load_address>0x2f47</load_address>
         <run_address>0x2f47</run_address>
         <size>0x8b</size>
         <input_file_ref idref="fl-f"/>
      </object_component>
      <object_component id="oc-114">
         <name>.debug_line</name>
         <load_address>0x2fd2</load_address>
         <run_address>0x2fd2</run_address>
         <size>0x35</size>
         <input_file_ref idref="fl-f"/>
      </object_component>
      <object_component id="oc-116">
         <name>.debug_line</name>
         <load_address>0x3007</load_address>
         <run_address>0x3007</run_address>
         <size>0x35</size>
         <input_file_ref idref="fl-f"/>
      </object_component>
      <object_component id="oc-34">
         <name>.debug_line</name>
         <load_address>0x303c</load_address>
         <run_address>0x303c</run_address>
         <size>0x3e0</size>
         <input_file_ref idref="fl-f"/>
      </object_component>
      <object_component id="oc-11e">
         <name>.debug_line</name>
         <load_address>0x341c</load_address>
         <run_address>0x341c</run_address>
         <size>0x35</size>
         <input_file_ref idref="fl-11"/>
      </object_component>
      <object_component id="oc-49">
         <name>.debug_line</name>
         <load_address>0x3451</load_address>
         <run_address>0x3451</run_address>
         <size>0x92</size>
         <input_file_ref idref="fl-11"/>
      </object_component>
      <object_component id="oc-29c">
         <name>.debug_line</name>
         <load_address>0x34e3</load_address>
         <run_address>0x34e3</run_address>
         <size>0x20</size>
         <input_file_ref idref="fl-12"/>
      </object_component>
      <object_component id="oc-29a">
         <name>.debug_line</name>
         <load_address>0x3503</load_address>
         <run_address>0x3503</run_address>
         <size>0x32</size>
         <input_file_ref idref="fl-12"/>
      </object_component>
      <object_component id="oc-298">
         <name>.debug_line</name>
         <load_address>0x3535</load_address>
         <run_address>0x3535</run_address>
         <size>0x32</size>
         <input_file_ref idref="fl-12"/>
      </object_component>
      <object_component id="oc-1f0">
         <name>.debug_line</name>
         <load_address>0x3567</load_address>
         <run_address>0x3567</run_address>
         <size>0x61c</size>
         <input_file_ref idref="fl-12"/>
      </object_component>
      <object_component id="oc-19f">
         <name>.debug_line</name>
         <load_address>0x3b83</load_address>
         <run_address>0x3b83</run_address>
         <size>0x20</size>
         <input_file_ref idref="fl-13"/>
      </object_component>
      <object_component id="oc-90">
         <name>.debug_line</name>
         <load_address>0x3ba3</load_address>
         <run_address>0x3ba3</run_address>
         <size>0x1b6</size>
         <input_file_ref idref="fl-13"/>
      </object_component>
      <object_component id="oc-12e">
         <name>.debug_line</name>
         <load_address>0x3d59</load_address>
         <run_address>0x3d59</run_address>
         <size>0x92</size>
         <input_file_ref idref="fl-cd"/>
      </object_component>
      <object_component id="oc-6e">
         <name>.debug_line</name>
         <load_address>0x3deb</load_address>
         <run_address>0x3deb</run_address>
         <size>0x53</size>
         <input_file_ref idref="fl-cd"/>
      </object_component>
      <object_component id="oc-d6">
         <name>.debug_line</name>
         <load_address>0x3e3e</load_address>
         <run_address>0x3e3e</run_address>
         <size>0x34</size>
         <input_file_ref idref="fl-cd"/>
      </object_component>
      <object_component id="oc-d1">
         <name>.debug_line</name>
         <load_address>0x3e72</load_address>
         <run_address>0x3e72</run_address>
         <size>0x20</size>
         <input_file_ref idref="fl-ce"/>
      </object_component>
      <object_component id="oc-1f">
         <name>.debug_line</name>
         <load_address>0x3e92</load_address>
         <run_address>0x3e92</run_address>
         <size>0x55</size>
         <input_file_ref idref="fl-ce"/>
      </object_component>
      <object_component id="oc-62">
         <name>.debug_line</name>
         <load_address>0x3ee7</load_address>
         <run_address>0x3ee7</run_address>
         <size>0x3a</size>
         <input_file_ref idref="fl-ce"/>
      </object_component>
      <object_component id="oc-ce">
         <name>.debug_line</name>
         <load_address>0x3f21</load_address>
         <run_address>0x3f21</run_address>
         <size>0x92</size>
         <input_file_ref idref="fl-ce"/>
      </object_component>
      <object_component id="oc-127">
         <name>.debug_line</name>
         <load_address>0x3fb3</load_address>
         <run_address>0x3fb3</run_address>
         <size>0x20</size>
         <input_file_ref idref="fl-cf"/>
      </object_component>
      <object_component id="oc-1a">
         <name>.debug_line</name>
         <load_address>0x3fd3</load_address>
         <run_address>0x3fd3</run_address>
         <size>0xa9</size>
         <input_file_ref idref="fl-cf"/>
      </object_component>
      <object_component id="oc-52">
         <name>.debug_line</name>
         <load_address>0x407c</load_address>
         <run_address>0x407c</run_address>
         <size>0x3a</size>
         <input_file_ref idref="fl-cf"/>
      </object_component>
      <object_component id="oc-124">
         <name>.debug_line</name>
         <load_address>0x40b6</load_address>
         <run_address>0x40b6</run_address>
         <size>0x9a</size>
         <input_file_ref idref="fl-cf"/>
      </object_component>
      <object_component id="oc-c7">
         <name>.debug_line</name>
         <load_address>0x4150</load_address>
         <run_address>0x4150</run_address>
         <size>0x96</size>
         <input_file_ref idref="fl-cf"/>
      </object_component>
      <object_component id="oc-1a2">
         <name>.debug_line</name>
         <load_address>0x41e6</load_address>
         <run_address>0x41e6</run_address>
         <size>0x20</size>
         <input_file_ref idref="fl-d0"/>
      </object_component>
      <object_component id="oc-ab">
         <name>.debug_line</name>
         <load_address>0x4206</load_address>
         <run_address>0x4206</run_address>
         <size>0xa8</size>
         <input_file_ref idref="fl-d0"/>
      </object_component>
      <object_component id="oc-8a">
         <name>.debug_line</name>
         <load_address>0x42ae</load_address>
         <run_address>0x42ae</run_address>
         <size>0x33</size>
         <input_file_ref idref="fl-d1"/>
      </object_component>
      <object_component id="oc-7c">
         <name>.debug_line</name>
         <load_address>0x42e1</load_address>
         <run_address>0x42e1</run_address>
         <size>0x45</size>
         <input_file_ref idref="fl-d1"/>
      </object_component>
      <object_component id="oc-5a">
         <name>.debug_line</name>
         <load_address>0x4326</load_address>
         <run_address>0x4326</run_address>
         <size>0x88</size>
         <input_file_ref idref="fl-d2"/>
      </object_component>
      <object_component id="oc-dd">
         <name>.debug_line</name>
         <load_address>0x43ae</load_address>
         <run_address>0x43ae</run_address>
         <size>0x79</size>
         <input_file_ref idref="fl-d3"/>
      </object_component>
      <object_component id="oc-283">
         <name>.debug_line</name>
         <load_address>0x4427</load_address>
         <run_address>0x4427</run_address>
         <size>0xbf</size>
         <input_file_ref idref="fl-d4"/>
      </object_component>
      <object_component id="oc-16e">
         <name>.debug_line</name>
         <load_address>0x44e6</load_address>
         <run_address>0x44e6</run_address>
         <size>0x6f</size>
         <input_file_ref idref="fl-d4"/>
      </object_component>
      <object_component id="oc-287">
         <name>.debug_line</name>
         <load_address>0x4555</load_address>
         <run_address>0x4555</run_address>
         <size>0x2e</size>
         <input_file_ref idref="fl-d4"/>
      </object_component>
      <object_component id="oc-2a3">
         <name>.debug_line</name>
         <load_address>0x4583</load_address>
         <run_address>0x4583</run_address>
         <size>0x9a</size>
         <input_file_ref idref="fl-d4"/>
      </object_component>
      <object_component id="oc-28c">
         <name>.debug_line</name>
         <load_address>0x461d</load_address>
         <run_address>0x461d</run_address>
         <size>0x97</size>
         <input_file_ref idref="fl-d4"/>
      </object_component>
      <object_component id="oc-291">
         <name>.debug_line</name>
         <load_address>0x46b4</load_address>
         <run_address>0x46b4</run_address>
         <size>0x93</size>
         <input_file_ref idref="fl-d4"/>
      </object_component>
      <object_component id="oc-e1">
         <name>.debug_line</name>
         <load_address>0x4747</load_address>
         <run_address>0x4747</run_address>
         <size>0x40</size>
         <input_file_ref idref="fl-d5"/>
      </object_component>
      <object_component id="oc-165">
         <name>.debug_line</name>
         <load_address>0x4787</load_address>
         <run_address>0x4787</run_address>
         <size>0x3c</size>
         <input_file_ref idref="fl-d7"/>
      </object_component>
      <object_component id="oc-ea">
         <name>.debug_frame</name>
         <load_address>0x0</load_address>
         <run_address>0x0</run_address>
         <size>0x70</size>
         <input_file_ref idref="fl-1"/>
      </object_component>
      <object_component id="oc-2c">
         <name>.debug_frame</name>
         <load_address>0x70</load_address>
         <run_address>0x70</run_address>
[...]
      </symbol>
      <symbol id="sm-5e9">
         <name>ST7735_InitR</name>
         <value>0x509</value>
         <object_component_ref idref="oc-149"/>
      </symbol>
      <symbol id="sm-5ea">
         <name>ST7735_InitB</name>
         <value>0x4e1</value>
         <object_component_ref idref="oc-149"/>
      </symbol>
      <symbol id="sm-5eb">
         <name>Delay1ms</name>
         <value>0x2f1</value>
         <object_component_ref idref="oc-149"/>
      </symbol>
      <symbol id="sm-5ec">
         <name>ST7735_PlotBar</name>
         <value>0x186d</value>
         <object_component_ref idref="oc-149"/>
      </symbol>
      <symbol id="sm-5ed">
         <name>ST7735_Color565</name>
         <value>0xb23</value>
         <object_component_ref idref="oc-149"/>
      </symbol>
      <symbol id="sm-5ee">
         <name>ST7735_DrawFastVLine</name>
         <value>0x681</value>
         <object_component_ref idref="oc-149"/>
      </symbol>
      <symbol id="sm-5ef">
         <name>smallCircle</name>
         <value>0x4fa0</value>
         <object_component_ref idref="oc-20a"/>
      </symbol>
      <symbol id="sm-5f0">
         <name>ST7735_DrawChar</name>
         <value>0xf0b</value>
         <object_component_ref idref="oc-149"/>
      </symbol>
      <symbol id="sm-5f1">
         <name>ST7735_PlotPoints</name>
         <value>0x1797</value>
         <object_component_ref idref="oc-149"/>
      </symbol>
      <symbol id="sm-5f2">
         <name>ST7735_PlotNext</name>
         <value>0x190d</value>
         <object_component_ref idref="oc-149"/>
      </symbol>
      <symbol id="sm-5f3">
         <name>ST7735_OutChar</name>
         <value>0x1961</value>
         <object_component_ref idref="oc-149"/>
      </symbol>
      <symbol id="sm-5f4">
         <name>ST7735_SetTextColor</name>
         <value>0x1a3b</value>
         <object_component_ref idref="oc-149"/>
      </symbol>
      <symbol id="sm-5f5">
         <name>ST7735_DrawCharS</name>
         <value>0xd9d</value>
         <object_component_ref idref="oc-149"/>
      </symbol>
      <symbol id="sm-5f6">
         <name>ST7735_Message</name>
         <value>0x133f</value>
         <object_component_ref idref="oc-149"/>
      </symbol>
      <symbol id="sm-5f7">
         <name>fillmessage4</name>
         <value>0x114f</value>
         <object_component_ref idref="oc-149"/>
      </symbol>
      <symbol id="sm-5f8">
         <name>fillmessage5</name>
         <value>0x11c1</value>
         <object_component_ref idref="oc-149"/>
      </symbol>
      <symbol id="sm-5f9">
         <name>ST7735_FillScreen</name>
         <value>0x81f</value>
         <object_component_ref idref="oc-149"/>
      </symbol>
      <symbol id="sm-5fa">
         <name>ST7735_PlotdBfs</name>
         <value>0x18c3</value>
         <object_component_ref idref="oc-149"/>
      </symbol>
      <symbol id="sm-5fb">
         <name>ST7735_SetCursor</name>
         <value>0x1259</value>
         <object_component_ref idref="oc-149"/>
      </symbol>
      <symbol id="sm-5fc">
         <name>StTextColor</name>
         <value>0x20000cf8</value>
         <object_component_ref idref="oc-1f8"/>
      </symbol>
      <symbol id="sm-5fd">
         <name>ST7735_OutUDec</name>
         <value>0x127f</value>
         <object_component_ref idref="oc-149"/>
      </symbol>
      <symbol id="sm-5fe">
         <name>fillmessage</name>
         <value>0x110d</value>
         <object_component_ref idref="oc-149"/>
      </symbol>
      <symbol id="sm-5ff">
         <name>ST7735_DrawPixel</name>
         <value>0x627</value>
         <object_component_ref idref="oc-149"/>
      </symbol>
      <symbol id="sm-600">
         <name>StY</name>
         <value>0x20000cf4</value>
         <object_component_ref idref="oc-1f8"/>
      </symbol>
      <symbol id="sm-601">
         <name>StX</name>
         <value>0x20000cf0</value>
         <object_component_ref idref="oc-1f8"/>
      </symbol>
      <symbol id="sm-602">
         <name>lastj</name>
         <value>0x20000d00</value>
         <object_component_ref idref="oc-1f8"/>
      </symbol>
      <symbol id="sm-603">
         <name>ST7735_PlotClear</name>
         <value>0x1545</value>
         <object_component_ref idref="oc-149"/>
      </symbol>
      <symbol id="sm-604">
         <name>ST7735_PlotNextErase</name>
         <value>0x1927</value>
         <object_component_ref idref="oc-149"/>
      </symbol>
      <symbol id="sm-605">
         <name>ST7735_DrawBitmap</name>
         <value>0xb89</value>
         <object_component_ref idref="oc-149"/>
      </symbol>
      <symbol id="sm-606">
         <name>dBfs</name>
         <value>0x4c97</value>
         <object_component_ref idref="oc-219"/>
      </symbol>
      <symbol id="sm-607">
         <name>ST7735_SetRotation</name>
         <value>0x1455</value>
         <object_component_ref idref="oc-149"/>
      </symbol>
      <symbol id="sm-608">
         <name>ST7735_SwapColor</name>
         <value>0xb57</value>
         <object_component_ref idref="oc-149"/>
      </symbol>
      <symbol id="sm-609">
         <name>ST7735_PlotLine</name>
         <value>0x165d</value>
         <object_component_ref idref="oc-149"/>
      </symbol>
      <symbol id="sm-60a">
         <name>ST7735_DrawString</name>
         <value>0x1089</value>
         <object_component_ref idref="oc-149"/>
      </symbol>
      <symbol id="sm-60b">
         <name>ST7735_FillRect</name>
         <value>0x861</value>
         <object_component_ref idref="oc-149"/>
      </symbol>
      <symbol id="sm-60c">
         <name>ST7735_PlotPoint</name>
         <value>0x15a1</value>
         <object_component_ref idref="oc-149"/>
      </symbol>
      <symbol id="sm-60d">
         <name>ST7735_DrawCircle</name>
         <value>0xa4f</value>
         <object_component_ref idref="oc-149"/>
      </symbol>
      <symbol id="sm-60e">
         <name>ST7735_OutUDec4</name>
         <value>0x134f</value>
         <object_component_ref idref="oc-149"/>
      </symbol>
      <symbol id="sm-60f">
         <name>ST7735_OutUDec5</name>
         <value>0x13c9</value>
         <object_component_ref idref="oc-149"/>
      </symbol>
      <symbol id="sm-610">
         <name>ST7735_OutUDec2</name>
         <value>0x12f3</value>
         <object_component_ref idref="oc-149"/>
      </symbol>
      <symbol id="sm-611">
         <name>ST7735_InvertDisplay</name>
         <value>0x151f</value>
         <object_component_ref idref="oc-149"/>
      </symbol>
      <symbol id="sm-612">
         <name>ST7735_DrawFastHLine</name>
         <value>0x775</value>
         <object_component_ref idref="oc-149"/>
      </symbol>
      <symbol id="sm-613">
         <name>ST7735_DrawSmallCircle</name>
         <value>0x96d</value>
         <object_component_ref idref="oc-149"/>
      </symbol>
      <symbol id="sm-614">
         <name>ST7735_OutString</name>
         <value>0x1a1d</value>
         <object_component_ref idref="oc-149"/>
      </symbol>
      <symbol id="sm-615">
         <name>circle</name>
         <value>0x4efe</value>
         <object_component_ref idref="oc-20d"/>
      </symbol>
      <symbol id="sm-632">
         <name>PeriodicTask4</name>
         <value>0x20000a64</value>
      </symbol>
      <symbol id="sm-633">
         <name>Timer4A_Handler</name>
         <value>0x4305</value>
         <object_component_ref idref="oc-3f"/>
      </symbol>
      <symbol id="sm-634">
         <name>Timer4A_Init</name>
         <value>0x429d</value>
         <object_component_ref idref="oc-3f"/>
      </symbol>
      <symbol id="sm-635">
         <name>Timer4A_Stop</name>
         <value>0x4315</value>
         <object_component_ref idref="oc-3f"/>
      </symbol>
      <symbol id="sm-6c2">
         <name>RxPutI</name>
         <value>0x20000a6c</value>
      </symbol>
      <symbol id="sm-6c3">
         <name>RxGetI</name>
         <value>0x20000a68</value>
      </symbol>
      <symbol id="sm-6c4">
         <name>TxPutI</name>
         <value>0x20000a90</value>
      </symbol>
      <symbol id="sm-6c5">
         <name>TxGetI</name>
         <value>0x20000a8c</value>
      </symbol>
      <symbol id="sm-6c6">
         <name>UART_OutUHex</name>
         <value>0x364d</value>
         <object_component_ref idref="oc-33"/>
      </symbol>
      <symbol id="sm-6c7">
         <name>TxFifo_Size</name>
         <value>0x3277</value>
         <object_component_ref idref="oc-33"/>
      </symbol>
      <symbol id="sm-6c8">
         <name>RxFifo_Size</name>
         <value>0x31f3</value>
         <object_component_ref idref="oc-33"/>
      </symbol>
      <symbol id="sm-6c9">
         <name>UART_Fix2</name>
         <value>0x37eb</value>
         <object_component_ref idref="oc-33"/>
      </symbol>
      <symbol id="sm-6ca">
         <name>RxFifo_Get</name>
         <value>0x31bf</value>
         <object_component_ref idref="oc-33"/>
      </symbol>
      <symbol id="sm-6cb">
         <name>TxFifo_Get</name>
         <value>0x3243</value>
         <object_component_ref idref="oc-33"/>
      </symbol>
      <symbol id="sm-6cc">
         <name>UART_InUDec</name>
         <value>0x3469</value>
         <object_component_ref idref="oc-33"/>
      </symbol>
      <symbol id="sm-6cd">
         <name>UART_OutSDec</name>
         <value>0x3525</value>
         <object_component_ref idref="oc-33"/>
      </symbol>
      <symbol id="sm-6ce">
         <name>UART_OutUDec</name>
         <value>0x34f5</value>
         <object_component_ref idref="oc-33"/>
      </symbol>
      <symbol id="sm-6cf">
         <name>UART_OutCharNonBlock</name>
         <value>0x33c5</value>
         <object_component_ref idref="oc-33"/>
      </symbol>
      <symbol id="sm-6d0">
         <name>UART_InCharNonBlock</name>
         <value>0x3385</value>
         <object_component_ref idref="oc-33"/>
      </symbol>
      <symbol id="sm-6d1">
         <name>UART0_Handler</name>
         <value>0x33ef</value>
         <object_component_ref idref="oc-33"/>
      </symbol>
      <symbol id="sm-6d2">
         <name>UART_InString</name>
         <value>0x3805</value>
         <object_component_ref idref="oc-33"/>
      </symbol>
      <symbol id="sm-6d3">
         <name>UART_OutString</name>
         <value>0x3439</value>
         <object_component_ref idref="oc-33"/>
      </symbol>
      <symbol id="sm-6d4">
         <name>Fixed_Fix2Str</name>
         <value>0x3691</value>
         <object_component_ref idref="oc-33"/>
      </symbol>
      <symbol id="sm-6d5">
         <name>UART_InChar</name>
         <value>0x3373</value>
         <object_component_ref idref="oc-33"/>
      </symbol>
      <symbol id="sm-6d6">
         <name>RxFifo_Put</name>
         <value>0x3189</value>
         <object_component_ref idref="oc-33"/>
      </symbol>
      <symbol id="sm-6d7">
         <name>TxFifo_Put</name>
         <value>0x320d</value>
         <object_component_ref idref="oc-33"/>
      </symbol>
      <symbol id="sm-6d8">
         <name>UART_Init</name>
         <value>0x3285</value>
         <object_component_ref idref="oc-33"/>
      </symbol>
      <symbol id="sm-6d9">
         <name>RxFifo_Init</name>
         <value>0x317d</value>
         <object_component_ref idref="oc-33"/>
      </symbol>
      <symbol id="sm-6da">
         <name>UART_InUHex</name>
         <value>0x3589</value>
         <object_component_ref idref="oc-33"/>
      </symbol>
      <symbol id="sm-6db">
         <name>UART_OutChar</name>
         <value>0x3399</value>
         <object_component_ref idref="oc-33"/>
      </symbol>
      <symbol id="sm-6dc">
         <name>TxFifo_Init</name>
         <value>0x3201</value>
         <object_component_ref idref="oc-33"/>
      </symbol>
      <symbol id="sm-6fb">
         <name>WidePeriodicTask0</name>
         <value>0x20000a94</value>
      </symbol>
      <symbol id="sm-6fc">
         <name>WideTimer0_Stop</name>
         <value>0x4259</value>
         <object_component_ref idref="oc-45"/>
      </symbol>
      <symbol id="sm-6fd">
         <name>WideTimer0A_Handler</name>
         <value>0x4249</value>
         <object_component_ref idref="oc-45"/>
      </symbol>
      <symbol id="sm-6fe">
         <name>WideTimer0A_Init</name>
         <value>0x41d9</value>
         <object_component_ref idref="oc-45"/>
      </symbol>
      <symbol id="sm-7cd">
         <name>eDisk_Read</name>
         <value>0x2cf3</value>
         <object_component_ref idref="oc-1ec"/>
      </symbol>
      <symbol id="sm-7ce">
         <name>SSI0_Init</name>
         <value>0x26fb</value>
         <object_component_ref idref="oc-1ec"/>
      </symbol>
      <symbol id="sm-7cf">
         <name>eDisk_Write</name>
         <value>0x2da9</value>
         <object_component_ref idref="oc-1ec"/>
      </symbol>
      <symbol id="sm-7d0">
         <name>disk_timerproc</name>
         <value>0x30fd</value>
         <object_component_ref idref="oc-1ec"/>
      </symbol>
      <symbol id="sm-7d1">
         <name>eDisk_WriteBlock</name>
         <value>0x2e6b</value>
         <object_component_ref idref="oc-1ec"/>
      </symbol>
      <symbol id="sm-7d2">
         <name>eDisk_Status</name>
         <value>0x2cd9</value>
         <object_component_ref idref="oc-1ec"/>
      </symbol>
      <symbol id="sm-7d3">
         <name>eDisk_ReadBlock</name>
         <value>0x2d8d</value>
         <object_component_ref idref="oc-1ec"/>
      </symbol>
      <symbol id="sm-7d4">
         <name>eDisk_Init</name>
         <value>0x2b29</value>
         <object_component_ref idref="oc-1ec"/>
      </symbol>
      <symbol id="sm-7d5">
         <name>CS_Init</name>
         <value>0x26a5</value>
         <object_component_ref idref="oc-1ec"/>
      </symbol>
      <symbol id="sm-7d6">
         <name>disk_ioctl</name>
         <value>0x2e85</value>
         <object_component_ref idref="oc-1ec"/>
      </symbol>
      <symbol id="sm-7f1">
         <name>eFile_DirNext</name>
         <value>0x4583</value>
         <object_component_ref idref="oc-8c"/>
      </symbol>
      <symbol id="sm-7f2">
         <name>eFile_Unmount</name>
         <value>0x4595</value>
         <object_component_ref idref="oc-8c"/>
      </symbol>
      <symbol id="sm-7f3">
         <name>eFile_WOpen</name>
         <value>0x4531</value>
         <object_component_ref idref="oc-8c"/>
      </symbol>
      <symbol id="sm-7f4">
         <name>eFile_DOpen</name>
         <value>0x4577</value>
         <object_component_ref idref="oc-8c"/>
      </symbol>
      <symbol id="sm-7f5">
         <name>eFile_WClose</name>
         <value>0x454b</value>
         <object_component_ref idref="oc-8c"/>
      </symbol>
      <symbol id="sm-7f6">
         <name>eFile_Format</name>
         <value>0x451d</value>
         <object_component_ref idref="oc-8c"/>
      </symbol>
      <symbol id="sm-7f7">
         <name>eFile_RClose</name>
         <value>0x4567</value>
         <object_component_ref idref="oc-8c"/>
      </symbol>
      <symbol id="sm-7f8">
         <name>eFile_DClose</name>
         <value>0x4591</value>
         <object_component_ref idref="oc-8c"/>
      </symbol>
      <symbol id="sm-7f9">
         <name>eFile_ROpen</name>
         <value>0x454f</value>
         <object_component_ref idref="oc-8c"/>
      </symbol>
      <symbol id="sm-7fa">
         <name>eFile_Delete</name>
         <value>0x456b</value>
         <object_component_ref idref="oc-8c"/>
      </symbol>
      <symbol id="sm-7fb">
         <name>eFile_Mount</name>
         <value>0x4521</value>
         <object_component_ref idref="oc-8c"/>
      </symbol>
      <symbol id="sm-7fc">
         <name>eFile_Create</name>
         <value>0x4525</value>
         <object_component_ref idref="oc-8c"/>
      </symbol>
      <symbol id="sm-7fd">
         <name>eFile_Init</name>
         <value>0x4519</value>
         <object_component_ref idref="oc-8c"/>
      </symbol>
      <symbol id="sm-7fe">
         <name>eFile_ReadNext</name>
         <value>0x455b</value>
         <object_component_ref idref="oc-8c"/>
      </symbol>
      <symbol id="sm-7ff">
         <name>eFile_Write</name>
         <value>0x453d</value>
         <object_component_ref idref="oc-8c"/>
      </symbol>
      <symbol id="sm-811">
         <name>__TI_zero_init</name>
         <value>0x4787</value>
         <object_component_ref idref="oc-6b"/>
      </symbol>
      <symbol id="sm-828">
         <name>__TI_decompress_none</name>
         <value>0x4779</value>
         <object_component_ref idref="oc-1b"/>
      </symbol>
      <symbol id="sm-84b">
         <name>__TI_decompress_lzss</name>
         <value>0x4613</value>
         <object_component_ref idref="oc-15"/>
      </symbol>
      <symbol id="sm-859">
         <name>strcpy</name>
         <value>0x4745</value>
         <object_component_ref idref="oc-a9"/>
      </symbol>
      <symbol id="sm-86c">
         <name>__stack</name>
         <value>0x20000af0</value>
         <object_component_ref idref="oc-24"/>
      </symbol>
      <symbol id="sm-86d">
         <name>_c_int00_noargs</name>
         <value>0x4711</value>
         <object_component_ref idref="oc-77"/>
      </symbol>
      <symbol id="sm-888">
         <name>memcpy</name>
         <value>0x43f5</value>
         <object_component_ref idref="oc-59"/>
      </symbol>
      <symbol id="sm-889">
         <name>__aeabi_memcpy</name>
         <value>0x43f5</value>
         <object_component_ref idref="oc-59"/>
      </symbol>
      <symbol id="sm-88a">
         <name>__aeabi_memcpy8</name>
         <value>0x43f5</value>
         <object_component_ref idref="oc-59"/>
      </symbol>
      <symbol id="sm-88b">
         <name>__aeabi_memcpy4</name>
         <value>0x43f5</value>
         <object_component_ref idref="oc-59"/>
      </symbol>
      <symbol id="sm-89a">
         <name>__aeabi_memset</name>
         <value>0x459b</value>
         <object_component_ref idref="oc-d9"/>
      </symbol>
      <symbol id="sm-89b">
         <name>memset</name>
         <value>0x45a1</value>
         <object_component_ref idref="oc-d9"/>
      </symbol>
      <symbol id="sm-89c">
         <name>__aeabi_memset8</name>
         <value>0x459b</value>
         <object_component_ref idref="oc-d9"/>
      </symbol>
      <symbol id="sm-89d">
         <name>__aeabi_memset4</name>
         <value>0x459b</value>
         <object_component_ref idref="oc-d9"/>
      </symbol>
      <symbol id="sm-89e">
         <name>__aeabi_memclr8</name>
         <value>0x4599</value>
         <object_component_ref idref="oc-d9"/>
      </symbol>
      <symbol id="sm-89f">
         <name>__aeabi_memclr4</name>
         <value>0x4599</value>
         <object_component_ref idref="oc-d9"/>
      </symbol>
      <symbol id="sm-8a0">
         <name>__aeabi_memclr</name>
         <value>0x4599</value>
         <object_component_ref idref="oc-d9"/>
      </symbol>
      <symbol id="sm-8c8">
         <name>__TI_auto_init_nobinit_nopinit</name>
         <value>0x46cd</value>
         <object_component_ref idref="oc-16c"/>
      </symbol>
      <symbol id="sm-8d2">
         <name>_system_pre_init</name>
         <value>0x4793</value>
         <object_component_ref idref="oc-df"/>
      </symbol>
      <symbol id="sm-8de">
         <name>C$$EXIT</name>
         <value>0x4797</value>
         <object_component_ref idref="oc-160"/>
      </symbol>
      <symbol id="sm-8df">
         <name>abort</name>
         <value>0x4797</value>
         <object_component_ref idref="oc-160"/>
      </symbol>
      <symbol id="sm-8e2">
         <name>__TI_static_base__</name>
         <value>0x0</value>
      </symbol>
      <symbol id="sm-8e5">
         <name>__mpu_init</name>
         <value>0x0</value>
      </symbol>
      <symbol id="sm-8e6">
         <name>_system_post_cinit</name>
         <value>0x0</value>
      </symbol>
   </symbol_table>
   <title>Link successful</title>
</link_info>
